../Core/Src/main.c:109:5:main	8	static
../Core/Src/main.c:206:6:SystemClock_Config	88	static
../Core/Src/main.c:249:6:MX_CAN1_Init	8	static
../Core/Src/main.c:304:6:MX_CAN2_Init	8	static
../Core/Src/main.c:359:6:MX_USART3_UART_Init	8	static
../Core/Src/main.c:390:6:MX_GPIO_Init	48	static
../Core/Src/main.c:439:6:MX_CAN1_Setup	8	static
../Core/Src/main.c:444:6:MX_CAN2_Setup	8	static
../Core/Src/main.c:450:6:USART3_SendString	16	static
../Core/Src/main.c:457:6:PrintCANLog	40	static
../Core/Src/main.c:484:6:HAL_UART_RxCpltCallback	16	static
../Core/Src/main.c:490:6:delay	16	static
../Core/Src/main.c:499:6:Error_Handler	4	static,ignoring_inline_asm
